AgentFeedback: Bash failed 3 times in this session (last: exit 1, "npm test"). If this was friction (a missing or wrong doc, a misbehaving tool, stale config), you can file it with agentfeedback submit friction --summary '<one line>' --context origin=hook-nudge --context session_id=abc123 --context session_harness=claude-code; otherwise ignore this note.
AgentFeedback: the same command failed twice (last: "npm test"). If this was friction (a missing or wrong doc, a misbehaving tool, stale config), you can file it with agentfeedback submit friction --summary '<one line>' --context origin=hook-nudge --context session_id=conv-1 --context session_harness=cursor; otherwise ignore this note.
AgentFeedback: 5 tool calls failed in this session. If this was friction (a missing or wrong doc, a misbehaving tool, stale config), you can file it with agentfeedback submit friction --summary '<one line>' --context origin=hook-nudge --context session_id=ec33ebf9-0cba-4100-8142-c61503f6c587 --context session_harness=antigravity; otherwise ignore this note.
AgentFeedback: bash failed 3 times in this session (last: exit 2, "AWS_SECRET_ACCESS_KEY=[REDACTED:env_line]"). If this was friction (a missing or wrong doc, a misbehaving tool, stale config), you can file it with agentfeedback submit friction --summary '<one line>' --context origin=hook-nudge --context session_id='has space' --context session_harness=copilot; otherwise ignore this note.
AgentFeedback: bash failed 3 times since the last note (last: exit 1). If this was friction (a missing or wrong doc, a misbehaving tool, stale config), you can file it with agentfeedback submit friction --summary '<one line>' --context origin=hook-nudge --context session_id='it'\''s[0m;x' --context session_harness=pi; otherwise ignore this note.
AgentFeedback: 5 tool calls failed since the last note. If this was friction (a missing or wrong doc, a misbehaving tool, stale config), you can file it with agentfeedback submit friction --summary '<one line>' --context origin=hook-nudge --context session_id=s-2 --context session_harness=omp; otherwise ignore this note.
